#-----------------------------------------------------------
# Webtalk v2017.2 (64-bit)
# SW Build 1909853 on Thu Jun 15 18:39:09 MDT 2017
# IP Build 1909766 on Thu Jun 15 19:58:00 MDT 2017
# Start of session at: Wed Nov  3 13:24:02 2021
# Process ID: 2836
# Current directory: C:/Users/dsed/DSED_6/Digital_Electronic_Design/lab6/multiple3/multiple3.sim/sim_1/behav
# Command line: wbtcv.exe -mode batch -source C:/Users/dsed/DSED_6/Digital_Electronic_Design/lab6/multiple3/multiple3.sim/sim_1/behav/xsim.dir/tb_multiple3_behav/webtalk/xsim_webtalk.tcl -notrace
# Log file: C:/Users/dsed/DSED_6/Digital_Electronic_Design/lab6/multiple3/multiple3.sim/sim_1/behav/webtalk.log
# Journal file: C:/Users/dsed/DSED_6/Digital_Electronic_Design/lab6/multiple3/multiple3.sim/sim_1/behav\webtalk.jou
#-----------------------------------------------------------
source C:/Users/dsed/DSED_6/Digital_Electronic_Design/lab6/multiple3/multiple3.sim/sim_1/behav/xsim.dir/tb_multiple3_behav/webtalk/xsim_webtalk.tcl -notrace
